src/app.controller.spec.ts(6,1): error TS2593: Cannot find name 'describe'. Do you need to install type definitions for a test runner? Try `npm i --save-dev @types/jest` or `npm i --save-dev @types/mocha` and then add 'jest' or 'mocha' to the types field in your tsconfig.
src/app.controller.spec.ts(9,3): error TS2304: Cannot find name 'beforeEach'.
src/app.controller.spec.ts(11,12): error TS2304: Cannot find name 'jest'.
src/app.controller.spec.ts(24,3): error TS2593: Cannot find name 'describe'. Do you need to install type definitions for a test runner? Try `npm i --save-dev @types/jest` or `npm i --save-dev @types/mocha` and then add 'jest' or 'mocha' to the types field in your tsconfig.
src/app.controller.spec.ts(25,5): error TS2593: Cannot find name 'it'. Do you need to install type definitions for a test runner? Try `npm i --save-dev @types/jest` or `npm i --save-dev @types/mocha` and then add 'jest' or 'mocha' to the types field in your tsconfig.
src/app.controller.spec.ts(26,7): error TS2304: Cannot find name 'expect'.
